// Jest Snapshot v1, https://goo.gl/fbAQLP

exports[`renders correctly 1`] = `
<View
  accessibilityIgnoresInvertColors={true}
  style={
    Array [
      Object {
        "alignItems": "center",
        "backgroundColor": "#000",
        "height": 200,
        "justifyContent": "center",
      },
    ]
  }
>
  <Image
    resizeMode="cover"
    source={
      Object {
        "uri": "https://via.placeholder.com/350x65",
      }
    }
    style={
      Array [
        Object {
          "bottom": 0,
          "left": 0,
          "position": "absolute",
          "right": 0,
          "top": 0,
        },
        Object {
          "height": undefined,
          "width": undefined,
        },
        Object {
          "opacity": 1,
        },
      ]
    }
  />
</View>
`;
